{"level":"info","message":"✓ Server timeout: 240 minutes","module":"server","timestamp":"2026-01-05 12:49:41"}
{"level":"info","message":"✓ Server running at http://localhost:3000","module":"server","timestamp":"2026-01-05 12:49:42"}
{"level":"info","message":"✓ Environment: development","module":"server","timestamp":"2026-01-05 12:49:42"}
{"level":"info","message":"✓ Session timeout: 90 minutes","module":"server","timestamp":"2026-01-05 12:49:42"}
{"level":"info","message":"✓ CSRF protection: Enabled","module":"server","timestamp":"2026-01-05 12:49:42"}
{"level":"info","message":"✓ Rate limiting: Enabled","module":"server","timestamp":"2026-01-05 12:49:42"}
{"level":"info","message":"✓ Security logging: Enabled","module":"server","timestamp":"2026-01-05 12:49:42"}
{"level":"info","message":"✓ Server timeout: 240 minutes","module":"server","timestamp":"2026-01-05 12:51:16"}
{"level":"info","message":"✓ Server running at http://localhost:3000","module":"server","timestamp":"2026-01-05 12:51:16"}
{"level":"info","message":"✓ Environment: development","module":"server","timestamp":"2026-01-05 12:51:16"}
{"level":"info","message":"✓ Session timeout: 90 minutes","module":"server","timestamp":"2026-01-05 12:51:16"}
{"level":"info","message":"✓ CSRF protection: Enabled","module":"server","timestamp":"2026-01-05 12:51:16"}
{"level":"info","message":"✓ Rate limiting: Enabled","module":"server","timestamp":"2026-01-05 12:51:16"}
{"level":"info","message":"✓ Security logging: Enabled","module":"server","timestamp":"2026-01-05 12:51:16"}
{"level":"info","message":"✓ Server timeout: 240 minutes","module":"server","timestamp":"2026-01-05 13:35:17"}
{"level":"info","message":"✓ Server running at http://localhost:3000","module":"server","timestamp":"2026-01-05 13:35:17"}
{"level":"info","message":"✓ Environment: development","module":"server","timestamp":"2026-01-05 13:35:17"}
{"level":"info","message":"✓ Session timeout: 90 minutes","module":"server","timestamp":"2026-01-05 13:35:17"}
{"level":"info","message":"✓ CSRF protection: Enabled","module":"server","timestamp":"2026-01-05 13:35:17"}
{"level":"info","message":"✓ Rate limiting: Enabled","module":"server","timestamp":"2026-01-05 13:35:17"}
{"level":"info","message":"✓ Security logging: Enabled","module":"server","timestamp":"2026-01-05 13:35:17"}
{"level":"info","message":"✓ Server timeout: 240 minutes","module":"server","timestamp":"2026-01-05 13:37:05"}
{"level":"info","message":"✓ Server running at http://localhost:3000","module":"server","timestamp":"2026-01-05 13:37:05"}
{"level":"info","message":"✓ Environment: development","module":"server","timestamp":"2026-01-05 13:37:05"}
{"level":"info","message":"✓ Session timeout: 90 minutes","module":"server","timestamp":"2026-01-05 13:37:05"}
{"level":"info","message":"✓ CSRF protection: Enabled","module":"server","timestamp":"2026-01-05 13:37:05"}
{"level":"info","message":"✓ Rate limiting: Enabled","module":"server","timestamp":"2026-01-05 13:37:05"}
{"level":"info","message":"✓ Security logging: Enabled","module":"server","timestamp":"2026-01-05 13:37:05"}
{"level":"info","message":"✓ Server timeout: 240 minutes","module":"server","timestamp":"2026-01-06 04:23:45"}
{"level":"info","message":"✓ Server running at http://localhost:3000","module":"server","timestamp":"2026-01-06 04:23:45"}
{"level":"info","message":"✓ Environment: development","module":"server","timestamp":"2026-01-06 04:23:45"}
{"level":"info","message":"✓ Session timeout: 90 minutes","module":"server","timestamp":"2026-01-06 04:23:45"}
{"level":"info","message":"✓ CSRF protection: Enabled","module":"server","timestamp":"2026-01-06 04:23:45"}
{"level":"info","message":"✓ Rate limiting: Enabled","module":"server","timestamp":"2026-01-06 04:23:45"}
{"level":"info","message":"✓ Security logging: Enabled","module":"server","timestamp":"2026-01-06 04:23:45"}
{"level":"info","message":"✓ Server timeout: 240 minutes","module":"server","timestamp":"2026-01-06 04:30:55"}
{"level":"info","message":"✓ Server running at http://localhost:3000","module":"server","timestamp":"2026-01-06 04:30:55"}
{"level":"info","message":"✓ Environment: development","module":"server","timestamp":"2026-01-06 04:30:55"}
{"level":"info","message":"✓ Session timeout: 90 minutes","module":"server","timestamp":"2026-01-06 04:30:55"}
{"level":"info","message":"✓ CSRF protection: Enabled","module":"server","timestamp":"2026-01-06 04:30:55"}
{"level":"info","message":"✓ Rate limiting: Enabled","module":"server","timestamp":"2026-01-06 04:30:55"}
{"level":"info","message":"✓ Security logging: Enabled","module":"server","timestamp":"2026-01-06 04:30:55"}
{"level":"info","message":"✓ Server timeout: 240 minutes","module":"server","timestamp":"2026-01-06 04:42:58"}
{"level":"info","message":"✓ Server running at http://localhost:3000","module":"server","timestamp":"2026-01-06 04:42:58"}
{"level":"info","message":"✓ Environment: development","module":"server","timestamp":"2026-01-06 04:42:58"}
{"level":"info","message":"✓ Session timeout: 90 minutes","module":"server","timestamp":"2026-01-06 04:42:58"}
{"level":"info","message":"✓ CSRF protection: Enabled","module":"server","timestamp":"2026-01-06 04:42:58"}
{"level":"info","message":"✓ Rate limiting: Enabled","module":"server","timestamp":"2026-01-06 04:42:58"}
{"level":"info","message":"✓ Security logging: Enabled","module":"server","timestamp":"2026-01-06 04:42:58"}
{"level":"info","message":"✓ Server timeout: 240 minutes","module":"server","timestamp":"2026-01-06 06:15:51"}
{"level":"info","message":"✓ Server running at http://localhost:3000","module":"server","timestamp":"2026-01-06 06:15:51"}
{"level":"info","message":"✓ Environment: development","module":"server","timestamp":"2026-01-06 06:15:51"}
{"level":"info","message":"✓ Session timeout: 90 minutes","module":"server","timestamp":"2026-01-06 06:15:51"}
{"level":"info","message":"✓ CSRF protection: Enabled","module":"server","timestamp":"2026-01-06 06:15:51"}
{"level":"info","message":"✓ Rate limiting: Enabled","module":"server","timestamp":"2026-01-06 06:15:51"}
{"level":"info","message":"✓ Security logging: Enabled","module":"server","timestamp":"2026-01-06 06:15:51"}
{"level":"info","message":"✓ Server timeout: 240 minutes","module":"server","timestamp":"2026-01-06 15:44:25"}
{"level":"info","message":"✓ Server running at http://localhost:3000","module":"server","timestamp":"2026-01-06 15:44:25"}
{"level":"info","message":"✓ Environment: development","module":"server","timestamp":"2026-01-06 15:44:25"}
{"level":"info","message":"✓ Session timeout: 90 minutes","module":"server","timestamp":"2026-01-06 15:44:25"}
{"level":"info","message":"✓ CSRF protection: Enabled","module":"server","timestamp":"2026-01-06 15:44:25"}
{"level":"info","message":"✓ Rate limiting: Enabled","module":"server","timestamp":"2026-01-06 15:44:25"}
{"level":"info","message":"✓ Security logging: Enabled","module":"server","timestamp":"2026-01-06 15:44:25"}
{"level":"info","message":"✓ Server timeout: 240 minutes","module":"server","timestamp":"2026-01-06 15:47:33"}
{"level":"info","message":"✓ Server running at http://localhost:3000","module":"server","timestamp":"2026-01-06 15:47:33"}
{"level":"info","message":"✓ Environment: development","module":"server","timestamp":"2026-01-06 15:47:33"}
{"level":"info","message":"✓ Session timeout: 90 minutes","module":"server","timestamp":"2026-01-06 15:47:33"}
{"level":"info","message":"✓ CSRF protection: Enabled","module":"server","timestamp":"2026-01-06 15:47:33"}
{"level":"info","message":"✓ Rate limiting: Enabled","module":"server","timestamp":"2026-01-06 15:47:33"}
{"level":"info","message":"✓ Security logging: Enabled","module":"server","timestamp":"2026-01-06 15:47:33"}
{"level":"info","message":"✓ Server timeout: 240 minutes","module":"server","timestamp":"2026-01-06 15:48:14"}
{"level":"info","message":"✓ Server running at http://localhost:3000","module":"server","timestamp":"2026-01-06 15:48:14"}
{"level":"info","message":"✓ Environment: development","module":"server","timestamp":"2026-01-06 15:48:14"}
{"level":"info","message":"✓ Session timeout: 90 minutes","module":"server","timestamp":"2026-01-06 15:48:14"}
{"level":"info","message":"✓ CSRF protection: Enabled","module":"server","timestamp":"2026-01-06 15:48:14"}
{"level":"info","message":"✓ Rate limiting: Enabled","module":"server","timestamp":"2026-01-06 15:48:14"}
{"level":"info","message":"✓ Security logging: Enabled","module":"server","timestamp":"2026-01-06 15:48:14"}
{"level":"info","message":"✓ Server timeout: 240 minutes","module":"server","timestamp":"2026-01-06 15:52:14"}
{"level":"info","message":"✓ Server running at http://localhost:3000","module":"server","timestamp":"2026-01-06 15:52:14"}
{"level":"info","message":"✓ Environment: development","module":"server","timestamp":"2026-01-06 15:52:14"}
{"level":"info","message":"✓ Session timeout: 90 minutes","module":"server","timestamp":"2026-01-06 15:52:14"}
{"level":"info","message":"✓ CSRF protection: Enabled","module":"server","timestamp":"2026-01-06 15:52:14"}
{"level":"info","message":"✓ Rate limiting: Enabled","module":"server","timestamp":"2026-01-06 15:52:14"}
{"level":"info","message":"✓ Security logging: Enabled","module":"server","timestamp":"2026-01-06 15:52:14"}
{"level":"info","message":"✓ Server timeout: 240 minutes","module":"server","timestamp":"2026-01-06 15:55:58"}
{"level":"info","message":"✓ Server running at http://localhost:3000","module":"server","timestamp":"2026-01-06 15:55:58"}
{"level":"info","message":"✓ Environment: development","module":"server","timestamp":"2026-01-06 15:55:58"}
{"level":"info","message":"✓ Session timeout: 90 minutes","module":"server","timestamp":"2026-01-06 15:55:58"}
{"level":"info","message":"✓ CSRF protection: Enabled","module":"server","timestamp":"2026-01-06 15:55:58"}
{"level":"info","message":"✓ Rate limiting: Enabled","module":"server","timestamp":"2026-01-06 15:55:58"}
{"level":"info","message":"✓ Security logging: Enabled","module":"server","timestamp":"2026-01-06 15:55:58"}
{"level":"info","message":"✓ Server timeout: 240 minutes","module":"server","timestamp":"2026-01-06 15:58:26"}
{"level":"info","message":"✓ Server running at http://localhost:3000","module":"server","timestamp":"2026-01-06 15:58:26"}
{"level":"info","message":"✓ Environment: development","module":"server","timestamp":"2026-01-06 15:58:26"}
{"level":"info","message":"✓ Session timeout: 90 minutes","module":"server","timestamp":"2026-01-06 15:58:26"}
{"level":"info","message":"✓ CSRF protection: Enabled","module":"server","timestamp":"2026-01-06 15:58:26"}
{"level":"info","message":"✓ Rate limiting: Enabled","module":"server","timestamp":"2026-01-06 15:58:26"}
{"level":"info","message":"✓ Security logging: Enabled","module":"server","timestamp":"2026-01-06 15:58:26"}
{"level":"info","message":"✓ Server timeout: 240 minutes","module":"server","timestamp":"2026-01-06 16:00:31"}
{"level":"info","message":"✓ Server running at http://localhost:3000","module":"server","timestamp":"2026-01-06 16:00:31"}
{"level":"info","message":"✓ Environment: development","module":"server","timestamp":"2026-01-06 16:00:31"}
{"level":"info","message":"✓ Session timeout: 90 minutes","module":"server","timestamp":"2026-01-06 16:00:31"}
{"level":"info","message":"✓ CSRF protection: Enabled","module":"server","timestamp":"2026-01-06 16:00:31"}
{"level":"info","message":"✓ Rate limiting: Enabled","module":"server","timestamp":"2026-01-06 16:00:31"}
{"level":"info","message":"✓ Security logging: Enabled","module":"server","timestamp":"2026-01-06 16:00:31"}
{"level":"info","message":"✓ Server timeout: 240 minutes","module":"server","timestamp":"2026-01-06 16:01:37"}
{"level":"info","message":"✓ Server running at http://localhost:3000","module":"server","timestamp":"2026-01-06 16:01:37"}
{"level":"info","message":"✓ Environment: development","module":"server","timestamp":"2026-01-06 16:01:37"}
{"level":"info","message":"✓ Session timeout: 90 minutes","module":"server","timestamp":"2026-01-06 16:01:37"}
{"level":"info","message":"✓ CSRF protection: Enabled","module":"server","timestamp":"2026-01-06 16:01:37"}
{"level":"info","message":"✓ Rate limiting: Enabled","module":"server","timestamp":"2026-01-06 16:01:37"}
{"level":"info","message":"✓ Security logging: Enabled","module":"server","timestamp":"2026-01-06 16:01:37"}
