{"level":"info","message":"✓ Server running at http://localhost:3000","module":"server","timestamp":"2025-12-23 10:22:10"}
{"level":"info","message":"✓ Environment: development","module":"server","timestamp":"2025-12-23 10:22:10"}
{"level":"info","message":"✓ Session timeout: 90 minutes","module":"server","timestamp":"2025-12-23 10:22:10"}
{"level":"info","message":"✓ CSRF protection: Enabled","module":"server","timestamp":"2025-12-23 10:22:10"}
{"level":"info","message":"✓ Rate limiting: Enabled","module":"server","timestamp":"2025-12-23 10:22:10"}
{"level":"info","message":"✓ Security logging: Enabled","module":"server","timestamp":"2025-12-23 10:22:10"}
{"level":"info","message":"✓ Server running at http://localhost:3000","module":"server","timestamp":"2025-12-23 10:50:48"}
{"level":"info","message":"✓ Environment: development","module":"server","timestamp":"2025-12-23 10:50:48"}
{"level":"info","message":"✓ Session timeout: 90 minutes","module":"server","timestamp":"2025-12-23 10:50:48"}
{"level":"info","message":"✓ CSRF protection: Enabled","module":"server","timestamp":"2025-12-23 10:50:48"}
{"level":"info","message":"✓ Rate limiting: Enabled","module":"server","timestamp":"2025-12-23 10:50:48"}
{"level":"info","message":"✓ Security logging: Enabled","module":"server","timestamp":"2025-12-23 10:50:48"}
{"data":[{"ip":"::1","socketId":"u4xY2IfRRTsePaQ1AAAB"}],"level":"debug","message":"WebSocket auth attempt","module":"server","timestamp":"2025-12-26 04:10:03"}
{"data":[{"ip":"::1","socketId":"XilRaKy5HQAbISSMAAAD"}],"level":"debug","message":"WebSocket auth attempt","module":"server","timestamp":"2025-12-26 04:28:30"}
{"data":[{"ip":"::1","socketId":"xmxC6r4Ua1tFjVmaAAAF"}],"level":"debug","message":"WebSocket auth attempt","module":"server","timestamp":"2025-12-26 04:45:04"}
{"data":[{"ip":"::1","socketId":"tfWQeHU72Qna8_kIAAAH"}],"level":"debug","message":"WebSocket auth attempt","module":"server","timestamp":"2025-12-26 05:53:15"}
{"data":[{"ip":"::1","socketId":"cTF4qtzZtb9NxULAAAAJ"}],"level":"debug","message":"WebSocket auth attempt","module":"server","timestamp":"2025-12-26 05:55:28"}
{"level":"info","message":"✓ Server timeout: 240 minutes","module":"server","timestamp":"2026-01-02 12:58:44"}
{"level":"info","message":"✓ Server timeout: 240 minutes","module":"server","timestamp":"2026-01-02 12:59:47"}
{"level":"info","message":"✓ Server running at http://localhost:3000","module":"server","timestamp":"2026-01-02 12:59:47"}
{"level":"info","message":"✓ Environment: development","module":"server","timestamp":"2026-01-02 12:59:47"}
{"level":"info","message":"✓ Session timeout: 90 minutes","module":"server","timestamp":"2026-01-02 12:59:47"}
{"level":"info","message":"✓ CSRF protection: Enabled","module":"server","timestamp":"2026-01-02 12:59:47"}
{"level":"info","message":"✓ Rate limiting: Enabled","module":"server","timestamp":"2026-01-02 12:59:47"}
{"level":"info","message":"✓ Security logging: Enabled","module":"server","timestamp":"2026-01-02 12:59:47"}
{"level":"info","message":"✓ Server timeout: 240 minutes","module":"server","timestamp":"2026-01-05 12:40:15"}
{"level":"info","message":"✓ Server timeout: 240 minutes","module":"server","timestamp":"2026-01-05 12:40:15"}
{"level":"info","message":"✓ Server timeout: 240 minutes","module":"server","timestamp":"2026-01-05 12:40:15"}
