{"environment":"development","level":"info","message":"Server running on port 3000","port":"3000","timestamp":"2025-12-23 10:22:10"}
{"level":"info","message":"SIGINT signal received: closing HTTP server","timestamp":"2025-12-23 10:50:47"}
{"environment":"development","level":"info","message":"Server running on port 3000","port":"3000","timestamp":"2025-12-23 10:50:48"}
{"event":"security_violation","ip":"::1","level":"security","message":"Security Violation","path":"unknown","reason":"No valid user session","sessionId":"NylTen6jrzdFKqQWFW1h_Y2ZY2nleFh5","socketId":"u4xY2IfRRTsePaQ1AAAB","timestamp":"2025-12-26 04:10:03","type":"websocket_auth_failure","userAgent":"unknown","userId":null}
{"ip":"::1","level":"warn","message":"404 Not Found","path":"/.well-known/appspecific/com.chrome.devtools.json","timestamp":"2025-12-26 04:20:22"}
{"ip":"::1","level":"warn","message":"404 Not Found","path":"/dist/bundle.js.map","timestamp":"2025-12-26 04:20:23"}
{"ip":"::1","level":"warn","message":"404 Not Found","path":"/boostrap/bootstrap.min.css.map","timestamp":"2025-12-26 04:20:23"}
{"event":"security_violation","ip":"unknown","level":"security","message":"Security Violation","origin":"http://localhost:3000","path":"unknown","timestamp":"2025-12-26 04:20:25","type":"cors_violation","userAgent":"unknown","userId":null}
{"event":"security_violation","ip":"::1","level":"security","message":"Security Violation","method":"GET","path":"/","timestamp":"2025-12-26 04:20:32","type":"unauthorized_access_attempt","userAgent":"Mozilla/5.0 (Macintosh; Intel Mac OS X 10_15_7) AppleWebKit/537.36 (KHTML, like Gecko) Chrome/143.0.0.0 Safari/537.36","userId":null}
{"ip":"::1","level":"warn","message":"404 Not Found","path":"/auth/login","timestamp":"2025-12-26 04:20:32"}
{"ip":"::1","level":"warn","message":"404 Not Found","path":"/.well-known/appspecific/com.chrome.devtools.json","timestamp":"2025-12-26 04:20:32"}
{"event":"security_violation","ip":"unknown","level":"security","message":"Security Violation","origin":"http://localhost:3000","path":"unknown","timestamp":"2025-12-26 04:20:32","type":"cors_violation","userAgent":"unknown","userId":null}
{"ip":"::1","level":"warn","message":"404 Not Found","path":"/boostrap/bootstrap.min.css.map","timestamp":"2025-12-26 04:20:32"}
{"event":"security_violation","ip":"unknown","level":"security","message":"Security Violation","origin":"http://localhost:3000","path":"unknown","timestamp":"2025-12-26 04:20:32","type":"cors_violation","userAgent":"unknown","userId":null}
{"event":"security_violation","ip":"unknown","level":"security","message":"Security Violation","origin":"http://localhost:3000","path":"unknown","timestamp":"2025-12-26 04:20:32","type":"cors_violation","userAgent":"unknown","userId":null}
{"ip":"::1","level":"warn","message":"404 Not Found","path":"/.well-known/appspecific/com.chrome.devtools.json","timestamp":"2025-12-26 04:20:34"}
{"event":"security_violation","ip":"unknown","level":"security","message":"Security Violation","origin":"http://localhost:3000","path":"unknown","timestamp":"2025-12-26 04:20:34","type":"cors_violation","userAgent":"unknown","userId":null}
{"event":"security_violation","ip":"unknown","level":"security","message":"Security Violation","origin":"http://localhost:3000","path":"unknown","timestamp":"2025-12-26 04:20:34","type":"cors_violation","userAgent":"unknown","userId":null}
{"event":"security_violation","ip":"unknown","level":"security","message":"Security Violation","origin":"http://localhost:3000","path":"unknown","timestamp":"2025-12-26 04:20:34","type":"cors_violation","userAgent":"unknown","userId":null}
{"ip":"::1","level":"warn","message":"404 Not Found","path":"/boostrap/bootstrap.min.css.map","timestamp":"2025-12-26 04:20:34"}
{"event":"security_violation","ip":"unknown","level":"security","message":"Security Violation","origin":"http://localhost:3000","path":"unknown","timestamp":"2025-12-26 04:20:34","type":"cors_violation","userAgent":"unknown","userId":null}
{"event":"security_violation","ip":"unknown","level":"security","message":"Security Violation","origin":"http://localhost:3000","path":"unknown","timestamp":"2025-12-26 04:20:34","type":"cors_violation","userAgent":"unknown","userId":null}
{"event":"security_violation","ip":"unknown","level":"security","message":"Security Violation","origin":"http://localhost:3000","path":"unknown","timestamp":"2025-12-26 04:20:40","type":"cors_violation","userAgent":"unknown","userId":null}
{"event":"security_violation","ip":"unknown","level":"security","message":"Security Violation","origin":"http://localhost:3000","path":"unknown","timestamp":"2025-12-26 04:20:48","type":"cors_violation","userAgent":"unknown","userId":null}
{"event":"security_violation","ip":"unknown","level":"security","message":"Security Violation","origin":"http://localhost:3000","path":"unknown","timestamp":"2025-12-26 04:20:49","type":"cors_violation","userAgent":"unknown","userId":null}
{"event":"security_violation","ip":"unknown","level":"security","message":"Security Violation","origin":"http://localhost:3000","path":"unknown","timestamp":"2025-12-26 04:20:49","type":"cors_violation","userAgent":"unknown","userId":null}
{"event":"security_violation","ip":"unknown","level":"security","message":"Security Violation","origin":"http://localhost:3000","path":"unknown","timestamp":"2025-12-26 04:20:49","type":"cors_violation","userAgent":"unknown","userId":null}
{"event":"security_violation","ip":"unknown","level":"security","message":"Security Violation","origin":"http://localhost:3000","path":"unknown","timestamp":"2025-12-26 04:20:49","type":"cors_violation","userAgent":"unknown","userId":null}
{"event":"security_violation","ip":"unknown","level":"security","message":"Security Violation","origin":"http://localhost:3000","path":"unknown","timestamp":"2025-12-26 04:20:50","type":"cors_violation","userAgent":"unknown","userId":null}
{"event":"security_violation","ip":"unknown","level":"security","message":"Security Violation","origin":"http://localhost:3000","path":"unknown","timestamp":"2025-12-26 04:20:50","type":"cors_violation","userAgent":"unknown","userId":null}
{"event":"security_violation","ip":"unknown","level":"security","message":"Security Violation","origin":"http://localhost:3000","path":"unknown","timestamp":"2025-12-26 04:20:50","type":"cors_violation","userAgent":"unknown","userId":null}
{"event":"security_violation","ip":"unknown","level":"security","message":"Security Violation","origin":"http://localhost:3000","path":"unknown","timestamp":"2025-12-26 04:20:50","type":"cors_violation","userAgent":"unknown","userId":null}
{"event":"security_violation","ip":"unknown","level":"security","message":"Security Violation","origin":"http://localhost:3000","path":"unknown","timestamp":"2025-12-26 04:20:50","type":"cors_violation","userAgent":"unknown","userId":null}
{"event":"security_violation","ip":"unknown","level":"security","message":"Security Violation","origin":"http://localhost:3000","path":"unknown","timestamp":"2025-12-26 04:20:50","type":"cors_violation","userAgent":"unknown","userId":null}
{"event":"security_violation","ip":"unknown","level":"security","message":"Security Violation","origin":"http://localhost:3000","path":"unknown","timestamp":"2025-12-26 04:20:50","type":"cors_violation","userAgent":"unknown","userId":null}
{"event":"security_violation","ip":"unknown","level":"security","message":"Security Violation","origin":"http://localhost:3000","path":"unknown","timestamp":"2025-12-26 04:20:50","type":"cors_violation","userAgent":"unknown","userId":null}
{"event":"security_violation","ip":"unknown","level":"security","message":"Security Violation","origin":"http://localhost:3000","path":"unknown","timestamp":"2025-12-26 04:20:50","type":"cors_violation","userAgent":"unknown","userId":null}
{"event":"security_violation","ip":"unknown","level":"security","message":"Security Violation","origin":"http://localhost:3000","path":"unknown","timestamp":"2025-12-26 04:20:50","type":"cors_violation","userAgent":"unknown","userId":null}
{"event":"security_violation","ip":"unknown","level":"security","message":"Security Violation","origin":"http://localhost:3000","path":"unknown","timestamp":"2025-12-26 04:20:50","type":"cors_violation","userAgent":"unknown","userId":null}
{"event":"security_violation","ip":"unknown","level":"security","message":"Security Violation","origin":"http://localhost:3000","path":"unknown","timestamp":"2025-12-26 04:20:57","type":"cors_violation","userAgent":"unknown","userId":null}
{"event":"security_violation","ip":"::1","level":"security","message":"Security Violation","path":"unknown","reason":"No valid user session","sessionId":"B_hRW9E8MvmRTNG0WN3eEkXP9WVCipKt","socketId":"XilRaKy5HQAbISSMAAAD","timestamp":"2025-12-26 04:28:30","type":"websocket_auth_failure","userAgent":"unknown","userId":null}
{"event":"security_violation","ip":"::1","level":"security","message":"Security Violation","path":"unknown","reason":"No valid user session","sessionId":"Rxhkrpc-kO9vHgzw7wmFsEsOc1VNUdBg","socketId":"xmxC6r4Ua1tFjVmaAAAF","timestamp":"2025-12-26 04:45:04","type":"websocket_auth_failure","userAgent":"unknown","userId":null}
{"event":"security_violation","ip":"::1","level":"security","message":"Security Violation","path":"unknown","reason":"No valid user session","sessionId":"MAtErUK8CFcOhyWhM9-RRbiRQYOgUh9M","socketId":"tfWQeHU72Qna8_kIAAAH","timestamp":"2025-12-26 05:53:15","type":"websocket_auth_failure","userAgent":"unknown","userId":null}
{"event":"security_violation","ip":"::1","level":"security","message":"Security Violation","path":"unknown","reason":"No valid user session","sessionId":"WLbpi0wGRrjywpP1VJnYEVESWywSd3cf","socketId":"cTF4qtzZtb9NxULAAAAJ","timestamp":"2025-12-26 05:55:28","type":"websocket_auth_failure","userAgent":"unknown","userId":null}
{"event":"security_violation","ip":"::1","level":"security","message":"Security Violation","method":"GET","path":"/above-markets","timestamp":"2025-12-26 06:46:36","type":"unauthorized_access_attempt","userAgent":"Mozilla/5.0 (Macintosh; Intel Mac OS X 10_15_7) AppleWebKit/537.36 (KHTML, like Gecko) Chrome/143.0.0.0 Safari/537.36","userId":null}
{"event":"security_violation","ip":"::1","level":"security","message":"Security Violation","method":"GET","path":"/above-market-reports","timestamp":"2025-12-26 06:46:40","type":"unauthorized_access_attempt","userAgent":"Mozilla/5.0 (Macintosh; Intel Mac OS X 10_15_7) AppleWebKit/537.36 (KHTML, like Gecko) Chrome/143.0.0.0 Safari/537.36","userId":null}
{"ip":"::1","level":"warn","message":"404 Not Found","path":"/auth/login","timestamp":"2025-12-26 06:46:40"}
{"event":"security_violation","ip":"unknown","level":"security","message":"Security Violation","origin":"http://localhost:3000","path":"unknown","timestamp":"2025-12-26 06:46:41","type":"cors_violation","userAgent":"unknown","userId":null}
{"event":"security_violation","ip":"unknown","level":"security","message":"Security Violation","origin":"http://localhost:3000","path":"unknown","timestamp":"2025-12-26 06:46:42","type":"cors_violation","userAgent":"unknown","userId":null}
{"event":"security_violation","ip":"unknown","level":"security","message":"Security Violation","origin":"http://localhost:3000","path":"unknown","timestamp":"2025-12-26 06:46:42","type":"cors_violation","userAgent":"unknown","userId":null}
{"event":"security_violation","ip":"unknown","level":"security","message":"Security Violation","origin":"http://localhost:3000","path":"unknown","timestamp":"2025-12-26 06:46:42","type":"cors_violation","userAgent":"unknown","userId":null}
{"event":"security_violation","ip":"unknown","level":"security","message":"Security Violation","origin":"http://localhost:3000","path":"unknown","timestamp":"2025-12-26 06:46:42","type":"cors_violation","userAgent":"unknown","userId":null}
{"event":"security_violation","ip":"unknown","level":"security","message":"Security Violation","origin":"http://localhost:3000","path":"unknown","timestamp":"2025-12-26 06:46:43","type":"cors_violation","userAgent":"unknown","userId":null}
{"event":"security_violation","ip":"unknown","level":"security","message":"Security Violation","origin":"http://localhost:3000","path":"unknown","timestamp":"2025-12-26 06:46:43","type":"cors_violation","userAgent":"unknown","userId":null}
{"event":"security_violation","ip":"unknown","level":"security","message":"Security Violation","origin":"http://localhost:3000","path":"unknown","timestamp":"2025-12-26 06:46:43","type":"cors_violation","userAgent":"unknown","userId":null}
{"event":"security_violation","ip":"unknown","level":"security","message":"Security Violation","origin":"http://localhost:3000","path":"unknown","timestamp":"2025-12-26 06:46:46","type":"cors_violation","userAgent":"unknown","userId":null}
{"event":"security_violation","ip":"unknown","level":"security","message":"Security Violation","origin":"http://localhost:3000","path":"unknown","timestamp":"2025-12-26 06:46:46","type":"cors_violation","userAgent":"unknown","userId":null}
{"event":"security_violation","ip":"unknown","level":"security","message":"Security Violation","origin":"http://localhost:3000","path":"unknown","timestamp":"2025-12-26 06:46:50","type":"cors_violation","userAgent":"unknown","userId":null}
{"level":"info","message":"SIGTERM signal received: closing HTTP server","timestamp":"2026-01-02 12:58:44"}
{"environment":"development","level":"info","message":"Server running on port 3000","port":3000,"timestamp":"2026-01-02 12:59:47"}
{"level":"info","message":"SIGINT signal received: closing HTTP server","timestamp":"2026-01-02 13:01:32"}
{"environment":"development","level":"info","message":"Server running on port 3000","port":3000,"timestamp":"2026-01-05 12:40:15"}
{"level":"info","message":"SIGTERM signal received: closing HTTP server","timestamp":"2026-01-05 12:40:15"}
{"level":"info","message":"SIGTERM signal received: closing HTTP server","timestamp":"2026-01-05 12:40:15"}
